
> wild-haggis-survivors@2.1.0 build
> tsc --noEmit && vite build

[36mvite v6.4.2 [32mbuilding for production...[36m[39m
transforming...
[32m✓[39m 243 modules transformed.
rendering chunks...
computing gzip size...
[2mdist/[22m[32mmanifest.webmanifest                        [39m[1m[2m    0.38 kB[22m[1m[22m
[2mdist/[22m[32mindex.html                                  [39m[1m[2m    1.03 kB[22m[1m[22m[2m │ gzip:   0.56 kB[22m
[2mdist/[22m[36massets/workbox-window.prod.es5-BIl4cyR9.js  [39m[1m[2m    5.76 kB[22m[1m[22m[2m │ gzip:   2.37 kB[22m
[2mdist/[22m[36massets/i18n.scs-BhbjuHR5.js                 [39m[1m[2m   38.45 kB[22m[1m[22m[2m │ gzip:  15.41 kB[22m
[2mdist/[22m[36massets/index-CdeEA8iM.js                    [39m[1m[2m  642.13 kB[22m[1m[22m[2m │ gzip: 176.06 kB[22m
[2mdist/[22m[36massets/vendor-phaser-DfWjpXQZ.js            [39m[1m[2m1,362.90 kB[22m[1m[22m[2m │ gzip: 305.01 kB[22m
[32m✓ built in 6.33s[39m

PWA v1.2.0
mode      generateSW
precache  7 entries (1964.67 KiB)
files generated
  dist/sw.js
  dist/workbox-8c29f6e4.js
